Renesas Optimizing Linker (W2.04.00 )             28-Sep-2016 17:43:37

*** Options ***

-subcommand=LinkerSubCommand.tmp
-input="./src/cstart.obj"
-input="./src/stkinit.obj"
-input="./src/r_cg_cgc.obj"
-input="./src/r_cg_cgc_user.obj"
-input="./src/r_cg_intc.obj"
-input="./src/r_cg_intc_user.obj"
-input="./src/r_cg_port.obj"
-input="./src/r_cg_port_user.obj"
-input="./src/r_cg_wdt.obj"
-input="./src/r_cg_wdt_user.obj"
-input="./src/r_main.obj"
-input="./src/r_systeminit.obj"
-library=C:\PROGRA~2\Renesas\RL78\1_2_0\lib\rl78em4s.lib
-library=C:\PROGRA~2\Renesas\RL78\1_2_0\lib\rl78em4r.lib
-list=CCRL_RL78_G14.map
-nooptimize
-entry=_start
-auto_section_layout
-security_id=00000000000000000000
-ocdbg=04
-user_opt_byte=FFFFF8
-output=CCRL_RL78_G14.abs
-debug
-nocompress
-memory=high
-vectn=2=ffff
-rom=.data=.dataR,.sdata=.sdataR
-nomessage
-device=C:/Renesas/e2_studio/DebugComp/RL78\Common\DR5F104PJ.DVF
-nologo

*** Error information ***

*** Mapping List ***

SECTION                            START      END         SIZE   ALIGN

.vect
                                  00000000  0000007f        80   0
.constf
                                  00000080  00000080         0   2
.sdata
                                  00000080  00000080         0   2
.data
                                  00000082  00000083         2   2
.option_byte
                                  000000c0  000000c3         4   1
.security_id
                                  000000c4  000000cd         a   1
.RLIB
                                  000000c4  000000c4         0   1
.SLIB
                                  000000c4  000000c4         0   1
.text
                                  000000ce  0000014f        82   1
.textf
                                  00000150  000003f8       2a9   1
.const
                                  00003000  00003000         0   2
.bss
                                  000f9f00  000f9f00         0   2
.dataR
                                  000f9f00  000f9f01         2   2
.sbss
                                  000ffe20  000ffe20         0   2
.sdataR
                                  000ffe20  000ffe20         0   2
