Renesas Optimizing Linker (W2.04.00 )             05-Feb-2016 14:43:25

*** Options ***

-subcommand=LinkerSubCommand.tmp
-input="./src/cstart.obj"
-input="./src/stkinit.obj"
-input="./src/r_cg_cgc.obj"
-input="./src/r_cg_cgc_user.obj"
-input="./src/r_cg_intc.obj"
-input="./src/r_cg_intc_user.obj"
-input="./src/r_cg_port.obj"
-input="./src/r_cg_port_user.obj"
-input="./src/r_cg_wdt.obj"
-input="./src/r_cg_wdt_user.obj"
-input="./src/r_main.obj"
-input="./src/r_systeminit.obj"
-library=C:\PROGRA~2\Renesas\RL78\1_2_0\lib\rl78em4s.lib
-library=C:\PROGRA~2\Renesas\RL78\1_2_0\lib\rl78em4r.lib
-list=CCRL_RL78_G14.map
-nooptimize
-entry=_start
-auto_section_layout
-security_id=00000000000000000000
-ocdbg=84
-debug_monitor=1fe00-1ffff
-user_opt_byte=fffff8
-output=CCRL_RL78_G14.abs
-debug
-nocompress
-memory=high
-vectn=2=ffff
-rom=.data=.dataR,.sdata=.sdataR
-device=C:/Renesas/e2_studio/DebugComp/RL78\Common\DR5F104PJ.DVF
-nomessage
-nologo

*** Error information ***

W0561184:Interrupt number "0x2" of ".vect" is defined

*** Mapping List ***

SECTION                            START      END         SIZE   ALIGN

.vect
                                  00000000  0000007f        80   0
.constf
                                  00000080  00000080         0   2
.sdata
                                  00000080  00000080         0   2
.data
                                  00000082  00000083         2   2
.option_byte
                                  000000c0  000000c3         4   1
.security_id
                                  000000c4  000000cd         a   1
.RLIB
                                  000000c4  000000c4         0   1
.SLIB
                                  000000c4  000000c4         0   1
.monitor1
                                  000000ce  000000d7         a   1
.text
                                  000000d8  00000159        82   1
.textf
                                  0000015a  00000402       2a9   1
.const
                                  00003000  00003000         0   2
.monitor2
                                  0001fe00  0001ffff       200   1
.bss
                                  000f9f00  000f9f00         0   2
.dataR
                                  000f9f00  000f9f01         2   2
.sbss
                                  000ffe20  000ffe20         0   2
.sdataR
                                  000ffe20  000ffe20         0   2
